// Jest Snapshot v1, https://goo.gl/fbAQLP

exports[`test/app/ui/CardList/Web.test.js Render 1`] = `
ShallowWrapper {
  "length": 1,
  Symbol(enzyme.__root__): [Circular],
  Symbol(enzyme.__unrendered__): <CardList
    addCards={[MockFunction]}
    cards={
      Array [
        Object {
          "description": "dummyDescription",
          "id": 1,
          "image": "dummyImage",
          "isFavorite": true,
          "isRead": true,
          "title": "dummyTitle",
        },
      ]
    }
    fetchCards={[MockFunction]}
    isLoaderVisible={false}
    search="dummySearch"
    toggleFavorite={[MockFunction]}
    toggleRead={[MockFunction]}
  />,
  Symbol(enzyme.__renderer__): Object {
    "batchedUpdates": [Function],
    "getNode": [Function],
    "render": [Function],
    "simulateEvent": [Function],
    "unmount": [Function],
  },
  Symbol(enzyme.__node__): Object {
    "instance": null,
    "key": undefined,
    "nodeType": "class",
    "props": Object {
      "children": Array [
        <WithStyles(Card)
          style={
            Object {
              "margin": "10px 0",
            }
          }
        >
          <WithStyles(CardHeader)
            subheader="dummyDescription"
            title="dummyTitle"
          />
          <WithStyles(CardMedia)
            image="http://mustafaarikan.net/mylibrary/static/img/cover/1.jpg"
            style={
              Object {
                "height": "200px",
              }
            }
            title="dummyTitle"
          />
          <WithStyles(CardActions)
            disableActionSpacing={true}
          >
            <WithStyles(IconButton)
              aria-label="CARD_ADD_TO_FAVORITES"
              onClick={[Function]}
            >
              <pure(Star)
                style={
                  Object {
                    "color": "#4caf50",
                  }
                }
              />
            </WithStyles(IconButton)>
            <WithStyles(IconButton)
              aria-label="CARD_ADD_TO_BOOKS_I_READ"
              onClick={[Function]}
            >
              <pure(Book)
                style={
                  Object {
                    "color": "#4caf50",
                  }
                }
              />
            </WithStyles(IconButton)>
          </WithStyles(CardActions)>
        </WithStyles(Card)>,
      ],
    },
    "ref": null,
    "rendered": Array [
      Object {
        "instance": null,
        "key": "1",
        "nodeType": "class",
        "props": Object {
          "children": Array [
            <WithStyles(CardHeader)
              subheader="dummyDescription"
              title="dummyTitle"
            />,
            <WithStyles(CardMedia)
              image="http://mustafaarikan.net/mylibrary/static/img/cover/1.jpg"
              style={
                Object {
                  "height": "200px",
                }
              }
              title="dummyTitle"
            />,
            <WithStyles(CardActions)
              disableActionSpacing={true}
            >
              <WithStyles(IconButton)
                aria-label="CARD_ADD_TO_FAVORITES"
                onClick={[Function]}
              >
                <pure(Star)
                  style={
                    Object {
                      "color": "#4caf50",
                    }
                  }
                />
              </WithStyles(IconButton)>
              <WithStyles(IconButton)
                aria-label="CARD_ADD_TO_BOOKS_I_READ"
                onClick={[Function]}
              >
                <pure(Book)
                  style={
                    Object {
                      "color": "#4caf50",
                    }
                  }
                />
              </WithStyles(IconButton)>
            </WithStyles(CardActions)>,
          ],
          "style": Object {
            "margin": "10px 0",
          },
        },
        "ref": null,
        "rendered": Array [
          Object {
            "instance": null,
            "key": undefined,
            "nodeType": "class",
            "props": Object {
              "subheader": "dummyDescription",
              "title": "dummyTitle",
            },
            "ref": null,
            "rendered": null,
            "type": [Function],
          },
          Object {
            "instance": null,
            "key": undefined,
            "nodeType": "class",
            "props": Object {
              "image": "http://mustafaarikan.net/mylibrary/static/img/cover/1.jpg",
              "style": Object {
                "height": "200px",
              },
              "title": "dummyTitle",
            },
            "ref": null,
            "rendered": null,
            "type": [Function],
          },
          Object {
            "instance": null,
            "key": undefined,
            "nodeType": "class",
            "props": Object {
              "children": Array [
                <WithStyles(IconButton)
                  aria-label="CARD_ADD_TO_FAVORITES"
                  onClick={[Function]}
                >
                  <pure(Star)
                    style={
                      Object {
                        "color": "#4caf50",
                      }
                    }
                  />
                </WithStyles(IconButton)>,
                <WithStyles(IconButton)
                  aria-label="CARD_ADD_TO_BOOKS_I_READ"
                  onClick={[Function]}
                >
                  <pure(Book)
                    style={
                      Object {
                        "color": "#4caf50",
                      }
                    }
                  />
                </WithStyles(IconButton)>,
              ],
              "disableActionSpacing": true,
            },
            "ref": null,
            "rendered": Array [
              Object {
                "instance": null,
                "key": undefined,
                "nodeType": "class",
                "props": Object {
                  "aria-label": "CARD_ADD_TO_FAVORITES",
                  "children": <pure(Star)
                    style={
                      Object {
                        "color": "#4caf50",
                      }
                    }
                  />,
                  "onClick": [Function],
                },
                "ref": null,
                "rendered": Object {
                  "instance": null,
                  "key": undefined,
                  "nodeType": "class",
                  "props": Object {
                    "style": Object {
                      "color": "#4caf50",
                    },
                  },
                  "ref": null,
                  "rendered": null,
                  "type": [Function],
                },
                "type": [Function],
              },
              Object {
                "instance": null,
                "key": undefined,
                "nodeType": "class",
                "props": Object {
                  "aria-label": "CARD_ADD_TO_BOOKS_I_READ",
                  "children": <pure(Book)
                    style={
                      Object {
                        "color": "#4caf50",
                      }
                    }
                  />,
                  "onClick": [Function],
                },
                "ref": null,
                "rendered": Object {
                  "instance": null,
                  "key": undefined,
                  "nodeType": "class",
                  "props": Object {
                    "style": Object {
                      "color": "#4caf50",
                    },
                  },
                  "ref": null,
                  "rendered": null,
                  "type": [Function],
                },
                "type": [Function],
              },
            ],
            "type": [Function],
          },
        ],
        "type": [Function],
      },
    ],
    "type": [Function],
  },
  Symbol(enzyme.__nodes__): Array [
    Object {
      "instance": null,
      "key": undefined,
      "nodeType": "class",
      "props": Object {
        "children": Array [
          <WithStyles(Card)
            style={
              Object {
                "margin": "10px 0",
              }
            }
          >
            <WithStyles(CardHeader)
              subheader="dummyDescription"
              title="dummyTitle"
            />
            <WithStyles(CardMedia)
              image="http://mustafaarikan.net/mylibrary/static/img/cover/1.jpg"
              style={
                Object {
                  "height": "200px",
                }
              }
              title="dummyTitle"
            />
            <WithStyles(CardActions)
              disableActionSpacing={true}
            >
              <WithStyles(IconButton)
                aria-label="CARD_ADD_TO_FAVORITES"
                onClick={[Function]}
              >
                <pure(Star)
                  style={
                    Object {
                      "color": "#4caf50",
                    }
                  }
                />
              </WithStyles(IconButton)>
              <WithStyles(IconButton)
                aria-label="CARD_ADD_TO_BOOKS_I_READ"
                onClick={[Function]}
              >
                <pure(Book)
                  style={
                    Object {
                      "color": "#4caf50",
                    }
                  }
                />
              </WithStyles(IconButton)>
            </WithStyles(CardActions)>
          </WithStyles(Card)>,
        ],
      },
      "ref": null,
      "rendered": Array [
        Object {
          "instance": null,
          "key": "1",
          "nodeType": "class",
          "props": Object {
            "children": Array [
              <WithStyles(CardHeader)
                subheader="dummyDescription"
                title="dummyTitle"
              />,
              <WithStyles(CardMedia)
                image="http://mustafaarikan.net/mylibrary/static/img/cover/1.jpg"
                style={
                  Object {
                    "height": "200px",
                  }
                }
                title="dummyTitle"
              />,
              <WithStyles(CardActions)
                disableActionSpacing={true}
              >
                <WithStyles(IconButton)
                  aria-label="CARD_ADD_TO_FAVORITES"
                  onClick={[Function]}
                >
                  <pure(Star)
                    style={
                      Object {
                        "color": "#4caf50",
                      }
                    }
                  />
                </WithStyles(IconButton)>
                <WithStyles(IconButton)
                  aria-label="CARD_ADD_TO_BOOKS_I_READ"
                  onClick={[Function]}
                >
                  <pure(Book)
                    style={
                      Object {
                        "color": "#4caf50",
                      }
                    }
                  />
                </WithStyles(IconButton)>
              </WithStyles(CardActions)>,
            ],
            "style": Object {
              "margin": "10px 0",
            },
          },
          "ref": null,
          "rendered": Array [
            Object {
              "instance": null,
              "key": undefined,
              "nodeType": "class",
              "props": Object {
                "subheader": "dummyDescription",
                "title": "dummyTitle",
              },
              "ref": null,
              "rendered": null,
              "type": [Function],
            },
            Object {
              "instance": null,
              "key": undefined,
              "nodeType": "class",
              "props": Object {
                "image": "http://mustafaarikan.net/mylibrary/static/img/cover/1.jpg",
                "style": Object {
                  "height": "200px",
                },
                "title": "dummyTitle",
              },
              "ref": null,
              "rendered": null,
              "type": [Function],
            },
            Object {
              "instance": null,
              "key": undefined,
              "nodeType": "class",
              "props": Object {
                "children": Array [
                  <WithStyles(IconButton)
                    aria-label="CARD_ADD_TO_FAVORITES"
                    onClick={[Function]}
                  >
                    <pure(Star)
                      style={
                        Object {
                          "color": "#4caf50",
                        }
                      }
                    />
                  </WithStyles(IconButton)>,
                  <WithStyles(IconButton)
                    aria-label="CARD_ADD_TO_BOOKS_I_READ"
                    onClick={[Function]}
                  >
                    <pure(Book)
                      style={
                        Object {
                          "color": "#4caf50",
                        }
                      }
                    />
                  </WithStyles(IconButton)>,
                ],
                "disableActionSpacing": true,
              },
              "ref": null,
              "rendered": Array [
                Object {
                  "instance": null,
                  "key": undefined,
                  "nodeType": "class",
                  "props": Object {
                    "aria-label": "CARD_ADD_TO_FAVORITES",
                    "children": <pure(Star)
                      style={
                        Object {
                          "color": "#4caf50",
                        }
                      }
                    />,
                    "onClick": [Function],
                  },
                  "ref": null,
                  "rendered": Object {
                    "instance": null,
                    "key": undefined,
                    "nodeType": "class",
                    "props": Object {
                      "style": Object {
                        "color": "#4caf50",
                      },
                    },
                    "ref": null,
                    "rendered": null,
                    "type": [Function],
                  },
                  "type": [Function],
                },
                Object {
                  "instance": null,
                  "key": undefined,
                  "nodeType": "class",
                  "props": Object {
                    "aria-label": "CARD_ADD_TO_BOOKS_I_READ",
                    "children": <pure(Book)
                      style={
                        Object {
                          "color": "#4caf50",
                        }
                      }
                    />,
                    "onClick": [Function],
                  },
                  "ref": null,
                  "rendered": Object {
                    "instance": null,
                    "key": undefined,
                    "nodeType": "class",
                    "props": Object {
                      "style": Object {
                        "color": "#4caf50",
                      },
                    },
                    "ref": null,
                    "rendered": null,
                    "type": [Function],
                  },
                  "type": [Function],
                },
              ],
              "type": [Function],
            },
          ],
          "type": [Function],
        },
      ],
      "type": [Function],
    },
  ],
  Symbol(enzyme.__options__): Object {
    "adapter": ReactSixteenAdapter {
      "options": Object {
        "enableComponentDidUpdateOnSetState": true,
      },
    },
  },
}
`;
