// Jest Snapshot v1, https://goo.gl/fbAQLP

exports[`test/app/ui/CardDetail/actions.test.js mapDispatchToProps 1`] = `
Object {
  "toggleFavorite": [Function],
  "toggleRead": [Function],
}
`;

exports[`test/app/ui/CardDetail/actions.test.js mapStateToProps 1`] = `
Object {
  "cards": Array [
    Object {
      "id": 1,
      "isFavorite": false,
      "isRead": false,
    },
  ],
}
`;
